06-Feb-2026 16:43:29.928 INFOS [main] org.apache.catalina.startup.VersionLoggerListener.log Nom version serveur :              Apache Tomcat/11.0.1
06-Feb-2026 16:43:29.930 INFOS [main] org.apache.catalina.startup.VersionLoggerListener.log Serveur compilé :                  Nov 6 2024 19:08:24 UTC
06-Feb-2026 16:43:29.930 INFOS [main] org.apache.catalina.startup.VersionLoggerListener.log Version du serveur :               11.0.1.0
06-Feb-2026 16:43:29.930 INFOS [main] org.apache.catalina.startup.VersionLoggerListener.log Nom de l'OS :                      Linux
06-Feb-2026 16:43:29.930 INFOS [main] org.apache.catalina.startup.VersionLoggerListener.log Version OS :                       6.14.0-37-generic
06-Feb-2026 16:43:29.930 INFOS [main] org.apache.catalina.startup.VersionLoggerListener.log Architecture :                     amd64
06-Feb-2026 16:43:29.930 INFOS [main] org.apache.catalina.startup.VersionLoggerListener.log Java Home :                        /usr/lib/jvm/java-17-openjdk-amd64
06-Feb-2026 16:43:29.930 INFOS [main] org.apache.catalina.startup.VersionLoggerListener.log Version JVM :                      17.0.18+8-Ubuntu-124.04.1
06-Feb-2026 16:43:29.931 INFOS [main] org.apache.catalina.startup.VersionLoggerListener.log Fournisseur de la JVM :            Ubuntu
06-Feb-2026 16:43:29.931 INFOS [main] org.apache.catalina.startup.VersionLoggerListener.log CATALINA_BASE :                    /home/fek2775/Annee_2/AppWeb/TP1/apache-tomcat-11.0.1
06-Feb-2026 16:43:29.931 INFOS [main] org.apache.catalina.startup.VersionLoggerListener.log CATALINA_HOME :                    /home/fek2775/Annee_2/AppWeb/TP1/apache-tomcat-11.0.1
06-Feb-2026 16:43:29.936 INFOS [main] org.apache.catalina.startup.VersionLoggerListener.log Argument de la ligne de commande : -Djava.util.logging.config.file=/home/fek2775/Annee_2/AppWeb/TP1/apache-tomcat-11.0.1/conf/logging.properties
06-Feb-2026 16:43:29.936 INFOS [main] org.apache.catalina.startup.VersionLoggerListener.log Argument de la ligne de commande : -Djava.util.logging.manager=org.apache.juli.ClassLoaderLogManager
06-Feb-2026 16:43:29.936 INFOS [main] org.apache.catalina.startup.VersionLoggerListener.log Argument de la ligne de commande : -Djdk.tls.ephemeralDHKeySize=2048
06-Feb-2026 16:43:29.936 INFOS [main] org.apache.catalina.startup.VersionLoggerListener.log Argument de la ligne de commande : -Dorg.apache.catalina.security.SecurityListener.UMASK=0027
06-Feb-2026 16:43:29.936 INFOS [main] org.apache.catalina.startup.VersionLoggerListener.log Argument de la ligne de commande : --add-opens=java.base/java.lang=ALL-UNNAMED
06-Feb-2026 16:43:29.936 INFOS [main] org.apache.catalina.startup.VersionLoggerListener.log Argument de la ligne de commande : --add-opens=java.base/java.io=ALL-UNNAMED
06-Feb-2026 16:43:29.937 INFOS [main] org.apache.catalina.startup.VersionLoggerListener.log Argument de la ligne de commande : --add-opens=java.base/java.util=ALL-UNNAMED
06-Feb-2026 16:43:29.937 INFOS [main] org.apache.catalina.startup.VersionLoggerListener.log Argument de la ligne de commande : --add-opens=java.base/java.util.concurrent=ALL-UNNAMED
06-Feb-2026 16:43:29.937 INFOS [main] org.apache.catalina.startup.VersionLoggerListener.log Argument de la ligne de commande : --add-opens=java.rmi/sun.rmi.transport=ALL-UNNAMED
06-Feb-2026 16:43:29.937 INFOS [main] org.apache.catalina.startup.VersionLoggerListener.log Argument de la ligne de commande : --enable-native-access=ALL-UNNAMED
06-Feb-2026 16:43:29.937 INFOS [main] org.apache.catalina.startup.VersionLoggerListener.log Argument de la ligne de commande : -Dcatalina.base=/home/fek2775/Annee_2/AppWeb/TP1/apache-tomcat-11.0.1
06-Feb-2026 16:43:29.937 INFOS [main] org.apache.catalina.startup.VersionLoggerListener.log Argument de la ligne de commande : -Dcatalina.home=/home/fek2775/Annee_2/AppWeb/TP1/apache-tomcat-11.0.1
06-Feb-2026 16:43:29.937 INFOS [main] org.apache.catalina.startup.VersionLoggerListener.log Argument de la ligne de commande : -Djava.io.tmpdir=/home/fek2775/Annee_2/AppWeb/TP1/apache-tomcat-11.0.1/temp
06-Feb-2026 16:43:29.941 INFOS [main] org.apache.catalina.core.AprLifecycleListener.lifecycleEvent La librairie Apache Tomcat Native basée sur APR qui permet des performances optimales dans les environnements de production n'a pas été trouvée sur le java.library.path : [/usr/java/packages/lib:/usr/lib/x86_64-linux-gnu/jni:/lib/x86_64-linux-gnu:/usr/lib/x86_64-linux-gnu:/usr/lib/jni:/lib:/usr/lib]
06-Feb-2026 16:43:30.063 INFOS [main] org.apache.coyote.AbstractProtocol.init Initialisation du gestionnaire de protocole ["http-nio-8080"]
06-Feb-2026 16:43:30.074 INFOS [main] org.apache.catalina.startup.Catalina.load L'initialisation du serveur a pris [318] millisecondes
06-Feb-2026 16:43:30.102 INFOS [main] org.apache.catalina.core.StandardService.startInternal Démarrage du service [Catalina]
06-Feb-2026 16:43:30.102 INFOS [main] org.apache.catalina.core.StandardEngine.startInternal Démarrage du moteur de Servlets : [Apache Tomcat/11.0.1]
06-Feb-2026 16:43:30.125 INFOS [main] org.apache.catalina.startup.HostConfig.deployDirectory Déploiement du répertoire d'application web [/home/fek2775/Annee_2/AppWeb/TP1/apache-tomcat-11.0.1/webapps/ROOT]
06-Feb-2026 16:43:30.382 INFOS [main] org.apache.catalina.startup.HostConfig.deployDirectory Le déploiement du répertoire [/home/fek2775/Annee_2/AppWeb/TP1/apache-tomcat-11.0.1/webapps/ROOT] de l'application web s'est terminé en [255] ms
06-Feb-2026 16:43:30.382 INFOS [main] org.apache.catalina.startup.HostConfig.deployDirectory Déploiement du répertoire d'application web [/home/fek2775/Annee_2/AppWeb/TP1/apache-tomcat-11.0.1/webapps/manager]
06-Feb-2026 16:43:30.434 INFOS [main] org.apache.catalina.startup.HostConfig.deployDirectory Le déploiement du répertoire [/home/fek2775/Annee_2/AppWeb/TP1/apache-tomcat-11.0.1/webapps/manager] de l'application web s'est terminé en [52] ms
06-Feb-2026 16:43:30.434 INFOS [main] org.apache.catalina.startup.HostConfig.deployDirectory Déploiement du répertoire d'application web [/home/fek2775/Annee_2/AppWeb/TP1/apache-tomcat-11.0.1/webapps/examples]
06-Feb-2026 16:43:31.162 INFOS [main] org.apache.catalina.startup.HostConfig.deployDirectory Le déploiement du répertoire [/home/fek2775/Annee_2/AppWeb/TP1/apache-tomcat-11.0.1/webapps/examples] de l'application web s'est terminé en [727] ms
06-Feb-2026 16:43:31.162 INFOS [main] org.apache.catalina.startup.HostConfig.deployDirectory Déploiement du répertoire d'application web [/home/fek2775/Annee_2/AppWeb/TP1/apache-tomcat-11.0.1/webapps/docs]
06-Feb-2026 16:43:31.211 INFOS [main] org.apache.catalina.startup.HostConfig.deployDirectory Le déploiement du répertoire [/home/fek2775/Annee_2/AppWeb/TP1/apache-tomcat-11.0.1/webapps/docs] de l'application web s'est terminé en [49] ms
06-Feb-2026 16:43:31.211 INFOS [main] org.apache.catalina.startup.HostConfig.deployDirectory Déploiement du répertoire d'application web [/home/fek2775/Annee_2/AppWeb/TP1/apache-tomcat-11.0.1/webapps/host-manager]
06-Feb-2026 16:43:31.262 INFOS [main] org.apache.catalina.startup.HostConfig.deployDirectory Le déploiement du répertoire [/home/fek2775/Annee_2/AppWeb/TP1/apache-tomcat-11.0.1/webapps/host-manager] de l'application web s'est terminé en [51] ms
06-Feb-2026 16:43:31.265 INFOS [main] org.apache.coyote.AbstractProtocol.start Démarrage du gestionnaire de protocole ["http-nio-8080"]
06-Feb-2026 16:43:31.281 INFOS [main] org.apache.catalina.startup.Catalina.start Le démarrage du serveur a pris [1206] millisecondes
06-Feb-2026 16:55:22.375 INFOS [Catalina-utility-2] org.apache.catalina.startup.HostConfig.deployWAR Déploiement de l'archive [/home/fek2775/Annee_2/AppWeb/TP1/apache-tomcat-11.0.1/webapps/hello.war] de l'application web
06-Feb-2026 16:55:23.805 INFOS [Catalina-utility-2] org.apache.catalina.startup.HostConfig.deployWAR Le déploiement de l'archive de l'application web [/home/fek2775/Annee_2/AppWeb/TP1/apache-tomcat-11.0.1/webapps/hello.war] s'est terminé en [1 430] ms
06-Feb-2026 16:59:04.089 INFOS [Catalina-utility-1] org.apache.catalina.startup.HostConfig.undeploy Retrait de l'application web ayant pour chemin de contexte [/hello]
06-Feb-2026 16:59:04.327 INFOS [Catalina-utility-1] org.apache.catalina.startup.HostConfig.deployWAR Déploiement de l'archive [/home/fek2775/Annee_2/AppWeb/TP1/apache-tomcat-11.0.1/webapps/hello.war] de l'application web
06-Feb-2026 16:59:05.439 INFOS [Catalina-utility-1] org.apache.catalina.startup.HostConfig.deployWAR Le déploiement de l'archive de l'application web [/home/fek2775/Annee_2/AppWeb/TP1/apache-tomcat-11.0.1/webapps/hello.war] s'est terminé en [1 112] ms
06-Feb-2026 17:06:36.079 INFOS [Catalina-utility-2] org.apache.catalina.startup.HostConfig.undeploy Retrait de l'application web ayant pour chemin de contexte [/hello]
06-Feb-2026 17:06:36.357 INFOS [Catalina-utility-2] org.apache.catalina.startup.HostConfig.deployWAR Déploiement de l'archive [/home/fek2775/Annee_2/AppWeb/TP1/apache-tomcat-11.0.1/webapps/hello.war] de l'application web
06-Feb-2026 17:06:37.528 INFOS [Catalina-utility-2] org.apache.catalina.startup.HostConfig.deployWAR Le déploiement de l'archive de l'application web [/home/fek2775/Annee_2/AppWeb/TP1/apache-tomcat-11.0.1/webapps/hello.war] s'est terminé en [1 171] ms
06-Feb-2026 17:12:08.014 INFOS [Catalina-utility-1] org.apache.catalina.startup.HostConfig.undeploy Retrait de l'application web ayant pour chemin de contexte [/hello]
06-Feb-2026 17:12:08.290 INFOS [Catalina-utility-1] org.apache.catalina.startup.HostConfig.deployWAR Déploiement de l'archive [/home/fek2775/Annee_2/AppWeb/TP1/apache-tomcat-11.0.1/webapps/hello.war] de l'application web
06-Feb-2026 17:12:09.479 INFOS [Catalina-utility-1] org.apache.catalina.startup.HostConfig.deployWAR Le déploiement de l'archive de l'application web [/home/fek2775/Annee_2/AppWeb/TP1/apache-tomcat-11.0.1/webapps/hello.war] s'est terminé en [1 189] ms
06-Feb-2026 17:12:59.544 INFOS [Catalina-utility-1] org.apache.catalina.startup.HostConfig.undeploy Retrait de l'application web ayant pour chemin de contexte [/hello]
06-Feb-2026 17:12:59.892 INFOS [Catalina-utility-1] org.apache.catalina.startup.HostConfig.deployWAR Déploiement de l'archive [/home/fek2775/Annee_2/AppWeb/TP1/apache-tomcat-11.0.1/webapps/hello.war] de l'application web
06-Feb-2026 17:13:01.997 INFOS [Catalina-utility-1] org.apache.catalina.startup.HostConfig.deployWAR Le déploiement de l'archive de l'application web [/home/fek2775/Annee_2/AppWeb/TP1/apache-tomcat-11.0.1/webapps/hello.war] s'est terminé en [2 105] ms
06-Feb-2026 17:14:32.152 INFOS [Catalina-utility-1] org.apache.catalina.startup.HostConfig.undeploy Retrait de l'application web ayant pour chemin de contexte [/hello]
06-Feb-2026 17:14:32.410 INFOS [Catalina-utility-1] org.apache.catalina.startup.HostConfig.deployWAR Déploiement de l'archive [/home/fek2775/Annee_2/AppWeb/TP1/apache-tomcat-11.0.1/webapps/hello.war] de l'application web
06-Feb-2026 17:14:33.602 INFOS [Catalina-utility-1] org.apache.catalina.startup.HostConfig.deployWAR Le déploiement de l'archive de l'application web [/home/fek2775/Annee_2/AppWeb/TP1/apache-tomcat-11.0.1/webapps/hello.war] s'est terminé en [1 192] ms
06-Feb-2026 17:14:43.618 INFOS [Catalina-utility-2] org.apache.catalina.startup.HostConfig.undeploy Retrait de l'application web ayant pour chemin de contexte [/hello]
06-Feb-2026 17:14:43.847 INFOS [Catalina-utility-2] org.apache.catalina.startup.HostConfig.deployWAR Déploiement de l'archive [/home/fek2775/Annee_2/AppWeb/TP1/apache-tomcat-11.0.1/webapps/hello.war] de l'application web
06-Feb-2026 17:14:44.986 INFOS [Catalina-utility-2] org.apache.catalina.startup.HostConfig.deployWAR Le déploiement de l'archive de l'application web [/home/fek2775/Annee_2/AppWeb/TP1/apache-tomcat-11.0.1/webapps/hello.war] s'est terminé en [1 139] ms
06-Feb-2026 17:15:05.014 INFOS [Catalina-utility-2] org.apache.catalina.startup.HostConfig.undeploy Retrait de l'application web ayant pour chemin de contexte [/hello]
06-Feb-2026 17:15:05.242 INFOS [Catalina-utility-2] org.apache.catalina.startup.HostConfig.deployWAR Déploiement de l'archive [/home/fek2775/Annee_2/AppWeb/TP1/apache-tomcat-11.0.1/webapps/hello.war] de l'application web
06-Feb-2026 17:15:06.419 INFOS [Catalina-utility-2] org.apache.catalina.startup.HostConfig.deployWAR Le déploiement de l'archive de l'application web [/home/fek2775/Annee_2/AppWeb/TP1/apache-tomcat-11.0.1/webapps/hello.war] s'est terminé en [1 177] ms
06-Feb-2026 17:16:36.610 INFOS [Catalina-utility-1] org.apache.catalina.startup.HostConfig.undeploy Retrait de l'application web ayant pour chemin de contexte [/hello]
06-Feb-2026 17:16:46.879 INFOS [Catalina-utility-2] org.apache.catalina.startup.HostConfig.deployWAR Déploiement de l'archive [/home/fek2775/Annee_2/AppWeb/TP1/apache-tomcat-11.0.1/webapps/hello.war] de l'application web
06-Feb-2026 17:16:48.182 INFOS [Catalina-utility-2] org.apache.catalina.startup.HostConfig.deployWAR Le déploiement de l'archive de l'application web [/home/fek2775/Annee_2/AppWeb/TP1/apache-tomcat-11.0.1/webapps/hello.war] s'est terminé en [1 303] ms
06-Feb-2026 17:17:18.242 INFOS [Catalina-utility-2] org.apache.catalina.startup.HostConfig.undeploy Retrait de l'application web ayant pour chemin de contexte [/hello]
06-Feb-2026 17:17:38.567 INFOS [Catalina-utility-2] org.apache.catalina.startup.HostConfig.deployWAR Déploiement de l'archive [/home/fek2775/Annee_2/AppWeb/TP1/apache-tomcat-11.0.1/webapps/hello.war] de l'application web
06-Feb-2026 17:17:39.748 INFOS [Catalina-utility-2] org.apache.catalina.startup.HostConfig.deployWAR Le déploiement de l'archive de l'application web [/home/fek2775/Annee_2/AppWeb/TP1/apache-tomcat-11.0.1/webapps/hello.war] s'est terminé en [1 180] ms
06-Feb-2026 17:18:39.840 INFOS [Catalina-utility-2] org.apache.catalina.startup.HostConfig.undeploy Retrait de l'application web ayant pour chemin de contexte [/hello]
06-Feb-2026 17:18:40.081 INFOS [Catalina-utility-2] org.apache.catalina.startup.HostConfig.deployWAR Déploiement de l'archive [/home/fek2775/Annee_2/AppWeb/TP1/apache-tomcat-11.0.1/webapps/hello.war] de l'application web
06-Feb-2026 17:18:41.279 INFOS [Catalina-utility-2] org.apache.catalina.startup.HostConfig.deployWAR Le déploiement de l'archive de l'application web [/home/fek2775/Annee_2/AppWeb/TP1/apache-tomcat-11.0.1/webapps/hello.war] s'est terminé en [1 198] ms
06-Feb-2026 17:19:01.309 INFOS [Catalina-utility-1] org.apache.catalina.startup.HostConfig.undeploy Retrait de l'application web ayant pour chemin de contexte [/hello]
06-Feb-2026 17:19:11.631 INFOS [Catalina-utility-1] org.apache.catalina.startup.HostConfig.deployWAR Déploiement de l'archive [/home/fek2775/Annee_2/AppWeb/TP1/apache-tomcat-11.0.1/webapps/hello.war] de l'application web
06-Feb-2026 17:19:12.802 INFOS [Catalina-utility-1] org.apache.catalina.startup.HostConfig.deployWAR Le déploiement de l'archive de l'application web [/home/fek2775/Annee_2/AppWeb/TP1/apache-tomcat-11.0.1/webapps/hello.war] s'est terminé en [1 171] ms
06-Feb-2026 17:19:32.842 INFOS [Catalina-utility-1] org.apache.catalina.startup.HostConfig.undeploy Retrait de l'application web ayant pour chemin de contexte [/hello]
06-Feb-2026 17:19:43.110 INFOS [Catalina-utility-2] org.apache.catalina.startup.HostConfig.deployWAR Déploiement de l'archive [/home/fek2775/Annee_2/AppWeb/TP1/apache-tomcat-11.0.1/webapps/hello.war] de l'application web
06-Feb-2026 17:19:44.338 INFOS [Catalina-utility-2] org.apache.catalina.startup.HostConfig.deployWAR Le déploiement de l'archive de l'application web [/home/fek2775/Annee_2/AppWeb/TP1/apache-tomcat-11.0.1/webapps/hello.war] s'est terminé en [1 228] ms
06-Feb-2026 17:26:14.891 INFOS [Catalina-utility-2] org.apache.catalina.startup.HostConfig.undeploy Retrait de l'application web ayant pour chemin de contexte [/hello]
06-Feb-2026 17:26:15.149 INFOS [Catalina-utility-2] org.apache.catalina.startup.HostConfig.deployWAR Déploiement de l'archive [/home/fek2775/Annee_2/AppWeb/TP1/apache-tomcat-11.0.1/webapps/hello.war] de l'application web
06-Feb-2026 17:26:16.460 INFOS [Catalina-utility-2] org.apache.catalina.startup.HostConfig.deployWAR Le déploiement de l'archive de l'application web [/home/fek2775/Annee_2/AppWeb/TP1/apache-tomcat-11.0.1/webapps/hello.war] s'est terminé en [1 311] ms
06-Feb-2026 17:29:36.768 INFOS [Catalina-utility-2] org.apache.catalina.startup.HostConfig.undeploy Retrait de l'application web ayant pour chemin de contexte [/hello]
06-Feb-2026 17:29:37.103 INFOS [Catalina-utility-2] org.apache.catalina.startup.HostConfig.deployWAR Déploiement de l'archive [/home/fek2775/Annee_2/AppWeb/TP1/apache-tomcat-11.0.1/webapps/hello.war] de l'application web
06-Feb-2026 17:29:38.380 INFOS [Catalina-utility-2] org.apache.catalina.startup.HostConfig.deployWAR Le déploiement de l'archive de l'application web [/home/fek2775/Annee_2/AppWeb/TP1/apache-tomcat-11.0.1/webapps/hello.war] s'est terminé en [1 276] ms
06-Feb-2026 17:29:48.409 INFOS [Catalina-utility-1] org.apache.catalina.startup.HostConfig.undeploy Retrait de l'application web ayant pour chemin de contexte [/hello]
06-Feb-2026 17:29:48.704 INFOS [Catalina-utility-1] org.apache.catalina.startup.HostConfig.deployWAR Déploiement de l'archive [/home/fek2775/Annee_2/AppWeb/TP1/apache-tomcat-11.0.1/webapps/hello.war] de l'application web
06-Feb-2026 17:29:49.894 INFOS [Catalina-utility-1] org.apache.catalina.startup.HostConfig.deployWAR Le déploiement de l'archive de l'application web [/home/fek2775/Annee_2/AppWeb/TP1/apache-tomcat-11.0.1/webapps/hello.war] s'est terminé en [1 190] ms
06-Feb-2026 17:33:50.237 INFOS [Catalina-utility-2] org.apache.catalina.startup.HostConfig.undeploy Retrait de l'application web ayant pour chemin de contexte [/hello]
06-Feb-2026 17:33:50.552 INFOS [Catalina-utility-2] org.apache.catalina.startup.HostConfig.deployWAR Déploiement de l'archive [/home/fek2775/Annee_2/AppWeb/TP1/apache-tomcat-11.0.1/webapps/hello.war] de l'application web
06-Feb-2026 17:33:51.879 INFOS [Catalina-utility-2] org.apache.catalina.startup.HostConfig.deployWAR Le déploiement de l'archive de l'application web [/home/fek2775/Annee_2/AppWeb/TP1/apache-tomcat-11.0.1/webapps/hello.war] s'est terminé en [1 327] ms
