25-Feb-2026 09:43:10.455 INFOS [main] org.apache.catalina.startup.VersionLoggerListener.log Nom version serveur :              Apache Tomcat/11.0.1
25-Feb-2026 09:43:10.456 INFOS [main] org.apache.catalina.startup.VersionLoggerListener.log Serveur compilé :                  Nov 6 2024 19:08:24 UTC
25-Feb-2026 09:43:10.456 INFOS [main] org.apache.catalina.startup.VersionLoggerListener.log Version du serveur :               11.0.1.0
25-Feb-2026 09:43:10.456 INFOS [main] org.apache.catalina.startup.VersionLoggerListener.log Nom de l'OS :                      Linux
25-Feb-2026 09:43:10.456 INFOS [main] org.apache.catalina.startup.VersionLoggerListener.log Version OS :                       6.14.0-37-generic
25-Feb-2026 09:43:10.456 INFOS [main] org.apache.catalina.startup.VersionLoggerListener.log Architecture :                     amd64
25-Feb-2026 09:43:10.456 INFOS [main] org.apache.catalina.startup.VersionLoggerListener.log Java Home :                        /usr/lib/jvm/java-17-openjdk-amd64
25-Feb-2026 09:43:10.457 INFOS [main] org.apache.catalina.startup.VersionLoggerListener.log Version JVM :                      17.0.18+8-Ubuntu-124.04.1
25-Feb-2026 09:43:10.457 INFOS [main] org.apache.catalina.startup.VersionLoggerListener.log Fournisseur de la JVM :            Ubuntu
25-Feb-2026 09:43:10.457 INFOS [main] org.apache.catalina.startup.VersionLoggerListener.log CATALINA_BASE :                    /home/fek2775/Annee_2/AppWeb/TP3/apache-tomcat-11.0.1
25-Feb-2026 09:43:10.457 INFOS [main] org.apache.catalina.startup.VersionLoggerListener.log CATALINA_HOME :                    /home/fek2775/Annee_2/AppWeb/TP3/apache-tomcat-11.0.1
25-Feb-2026 09:43:10.461 INFOS [main] org.apache.catalina.startup.VersionLoggerListener.log Argument de la ligne de commande : -Djava.util.logging.config.file=/home/fek2775/Annee_2/AppWeb/TP3/apache-tomcat-11.0.1/conf/logging.properties
25-Feb-2026 09:43:10.461 INFOS [main] org.apache.catalina.startup.VersionLoggerListener.log Argument de la ligne de commande : -Djava.util.logging.manager=org.apache.juli.ClassLoaderLogManager
25-Feb-2026 09:43:10.461 INFOS [main] org.apache.catalina.startup.VersionLoggerListener.log Argument de la ligne de commande : -Djdk.tls.ephemeralDHKeySize=2048
25-Feb-2026 09:43:10.461 INFOS [main] org.apache.catalina.startup.VersionLoggerListener.log Argument de la ligne de commande : -Dorg.apache.catalina.security.SecurityListener.UMASK=0027
25-Feb-2026 09:43:10.461 INFOS [main] org.apache.catalina.startup.VersionLoggerListener.log Argument de la ligne de commande : --add-opens=java.base/java.lang=ALL-UNNAMED
25-Feb-2026 09:43:10.461 INFOS [main] org.apache.catalina.startup.VersionLoggerListener.log Argument de la ligne de commande : --add-opens=java.base/java.io=ALL-UNNAMED
25-Feb-2026 09:43:10.461 INFOS [main] org.apache.catalina.startup.VersionLoggerListener.log Argument de la ligne de commande : --add-opens=java.base/java.util=ALL-UNNAMED
25-Feb-2026 09:43:10.461 INFOS [main] org.apache.catalina.startup.VersionLoggerListener.log Argument de la ligne de commande : --add-opens=java.base/java.util.concurrent=ALL-UNNAMED
25-Feb-2026 09:43:10.461 INFOS [main] org.apache.catalina.startup.VersionLoggerListener.log Argument de la ligne de commande : --add-opens=java.rmi/sun.rmi.transport=ALL-UNNAMED
25-Feb-2026 09:43:10.461 INFOS [main] org.apache.catalina.startup.VersionLoggerListener.log Argument de la ligne de commande : --enable-native-access=ALL-UNNAMED
25-Feb-2026 09:43:10.461 INFOS [main] org.apache.catalina.startup.VersionLoggerListener.log Argument de la ligne de commande : -Dcatalina.base=/home/fek2775/Annee_2/AppWeb/TP3/apache-tomcat-11.0.1
25-Feb-2026 09:43:10.461 INFOS [main] org.apache.catalina.startup.VersionLoggerListener.log Argument de la ligne de commande : -Dcatalina.home=/home/fek2775/Annee_2/AppWeb/TP3/apache-tomcat-11.0.1
25-Feb-2026 09:43:10.461 INFOS [main] org.apache.catalina.startup.VersionLoggerListener.log Argument de la ligne de commande : -Djava.io.tmpdir=/home/fek2775/Annee_2/AppWeb/TP3/apache-tomcat-11.0.1/temp
25-Feb-2026 09:43:10.466 INFOS [main] org.apache.catalina.core.AprLifecycleListener.lifecycleEvent La librairie Apache Tomcat Native basée sur APR qui permet des performances optimales dans les environnements de production n'a pas été trouvée sur le java.library.path : [/usr/java/packages/lib:/usr/lib/x86_64-linux-gnu/jni:/lib/x86_64-linux-gnu:/usr/lib/x86_64-linux-gnu:/usr/lib/jni:/lib:/usr/lib]
25-Feb-2026 09:43:10.577 INFOS [main] org.apache.coyote.AbstractProtocol.init Initialisation du gestionnaire de protocole ["http-nio-8080"]
25-Feb-2026 09:43:10.587 INFOS [main] org.apache.catalina.startup.Catalina.load L'initialisation du serveur a pris [300] millisecondes
25-Feb-2026 09:43:10.613 INFOS [main] org.apache.catalina.core.StandardService.startInternal Démarrage du service [Catalina]
25-Feb-2026 09:43:10.613 INFOS [main] org.apache.catalina.core.StandardEngine.startInternal Démarrage du moteur de Servlets : [Apache Tomcat/11.0.1]
25-Feb-2026 09:43:10.641 INFOS [main] org.apache.catalina.startup.HostConfig.deployWAR Déploiement de l'archive [/home/fek2775/Annee_2/AppWeb/TP3/apache-tomcat-11.0.1/webapps/annuaire.war] de l'application web
25-Feb-2026 09:43:11.285 INFOS [main] org.apache.catalina.startup.HostConfig.deployWAR Le déploiement de l'archive de l'application web [/home/fek2775/Annee_2/AppWeb/TP3/apache-tomcat-11.0.1/webapps/annuaire.war] s'est terminé en [643] ms
25-Feb-2026 09:43:11.293 INFOS [main] org.apache.catalina.startup.HostConfig.deployWAR Déploiement de l'archive [/home/fek2775/Annee_2/AppWeb/TP3/apache-tomcat-11.0.1/webapps/hello.war] de l'application web
25-Feb-2026 09:43:11.691 INFOS [main] org.apache.catalina.startup.HostConfig.deployWAR Le déploiement de l'archive de l'application web [/home/fek2775/Annee_2/AppWeb/TP3/apache-tomcat-11.0.1/webapps/hello.war] s'est terminé en [398] ms
25-Feb-2026 09:43:11.692 INFOS [main] org.apache.catalina.startup.HostConfig.deployDirectory Déploiement du répertoire d'application web [/home/fek2775/Annee_2/AppWeb/TP3/apache-tomcat-11.0.1/webapps/ROOT]
25-Feb-2026 09:43:11.721 INFOS [main] org.apache.catalina.startup.HostConfig.deployDirectory Le déploiement du répertoire [/home/fek2775/Annee_2/AppWeb/TP3/apache-tomcat-11.0.1/webapps/ROOT] de l'application web s'est terminé en [29] ms
25-Feb-2026 09:43:11.721 INFOS [main] org.apache.catalina.startup.HostConfig.deployDirectory Déploiement du répertoire d'application web [/home/fek2775/Annee_2/AppWeb/TP3/apache-tomcat-11.0.1/webapps/manager]
25-Feb-2026 09:43:11.765 INFOS [main] org.apache.catalina.startup.HostConfig.deployDirectory Le déploiement du répertoire [/home/fek2775/Annee_2/AppWeb/TP3/apache-tomcat-11.0.1/webapps/manager] de l'application web s'est terminé en [44] ms
25-Feb-2026 09:43:11.765 INFOS [main] org.apache.catalina.startup.HostConfig.deployDirectory Déploiement du répertoire d'application web [/home/fek2775/Annee_2/AppWeb/TP3/apache-tomcat-11.0.1/webapps/examples]
25-Feb-2026 09:43:12.378 INFOS [main] org.apache.catalina.startup.HostConfig.deployDirectory Le déploiement du répertoire [/home/fek2775/Annee_2/AppWeb/TP3/apache-tomcat-11.0.1/webapps/examples] de l'application web s'est terminé en [613] ms
25-Feb-2026 09:43:12.379 INFOS [main] org.apache.catalina.startup.HostConfig.deployDirectory Déploiement du répertoire d'application web [/home/fek2775/Annee_2/AppWeb/TP3/apache-tomcat-11.0.1/webapps/docs]
25-Feb-2026 09:43:12.416 INFOS [main] org.apache.catalina.startup.HostConfig.deployDirectory Le déploiement du répertoire [/home/fek2775/Annee_2/AppWeb/TP3/apache-tomcat-11.0.1/webapps/docs] de l'application web s'est terminé en [37] ms
25-Feb-2026 09:43:12.416 INFOS [main] org.apache.catalina.startup.HostConfig.deployDirectory Déploiement du répertoire d'application web [/home/fek2775/Annee_2/AppWeb/TP3/apache-tomcat-11.0.1/webapps/host-manager]
25-Feb-2026 09:43:12.453 INFOS [main] org.apache.catalina.startup.HostConfig.deployDirectory Le déploiement du répertoire [/home/fek2775/Annee_2/AppWeb/TP3/apache-tomcat-11.0.1/webapps/host-manager] de l'application web s'est terminé en [37] ms
25-Feb-2026 09:43:12.455 INFOS [main] org.apache.coyote.AbstractProtocol.start Démarrage du gestionnaire de protocole ["http-nio-8080"]
25-Feb-2026 09:43:12.459 INFOS [main] org.apache.catalina.startup.Catalina.start Le démarrage du serveur a pris [1872] millisecondes
25-Feb-2026 09:44:32.600 INFOS [Catalina-utility-1] org.apache.catalina.startup.HostConfig.deployWAR Déploiement de l'archive [/home/fek2775/Annee_2/AppWeb/TP3/apache-tomcat-11.0.1/webapps/facade-0.0.1-SNAPSHOT.war] de l'application web
25-Feb-2026 09:44:37.705 INFOS [Catalina-utility-1] org.apache.jasper.servlet.TldScanner.scanJars Au moins un fichier JAR a été analysé pour trouver des TLDs mais il n'en contenait pas, le mode "debug" du journal peut être activé pour obtenir une liste complète de JAR scannés sans succès ; éviter d'analyser des JARs inutilement peut améliorer sensiblement le temps de démarrage et le temps de compilation des JSPs
25-Feb-2026 09:44:41.528 INFOS [Catalina-utility-1] org.apache.catalina.startup.HostConfig.deployWAR Le déploiement de l'archive de l'application web [/home/fek2775/Annee_2/AppWeb/TP3/apache-tomcat-11.0.1/webapps/facade-0.0.1-SNAPSHOT.war] s'est terminé en [8 928] ms
25-Feb-2026 09:45:10.460 INFOS [http-nio-8080-exec-2] org.apache.coyote.http11.Http11Processor.service Erreur lors de l'analyse d'un en-tête de requête HTTP
 Note : les occurrences suivantes d'erreurs d'analyse de requête HTTP seront enregistrées au niveau DEBUG.
	java.lang.IllegalArgumentException: Caractère invalide trouvé dans le nom de méthode.  Les noms HTTP doivent être des "token".
		at org.apache.coyote.http11.Http11InputBuffer.parseRequestLine(Http11InputBuffer.java:395)
		at org.apache.coyote.http11.Http11Processor.service(Http11Processor.java:268)
		at org.apache.coyote.AbstractProcessorLight.process(AbstractProcessorLight.java:63)
		at org.apache.coyote.AbstractProtocol$ConnectionHandler.process(AbstractProtocol.java:905)
		at org.apache.tomcat.util.net.NioEndpoint$SocketProcessor.doRun(NioEndpoint.java:1746)
		at org.apache.tomcat.util.net.SocketProcessorBase.run(SocketProcessorBase.java:52)
		at org.apache.tomcat.util.threads.ThreadPoolExecutor.runWorker(ThreadPoolExecutor.java:1148)
		at org.apache.tomcat.util.threads.ThreadPoolExecutor$Worker.run(ThreadPoolExecutor.java:636)
		at org.apache.tomcat.util.threads.TaskThread$WrappingRunnable.run(TaskThread.java:63)
		at java.base/java.lang.Thread.run(Thread.java:840)
25-Feb-2026 09:45:10.460 INFOS [http-nio-8080-exec-1] org.apache.coyote.http11.Http11Processor.service Erreur lors de l'analyse d'un en-tête de requête HTTP
 Note : les occurrences suivantes d'erreurs d'analyse de requête HTTP seront enregistrées au niveau DEBUG.
	java.lang.IllegalArgumentException: Caractère invalide trouvé dans le nom de méthode.  Les noms HTTP doivent être des "token".
		at org.apache.coyote.http11.Http11InputBuffer.parseRequestLine(Http11InputBuffer.java:395)
		at org.apache.coyote.http11.Http11Processor.service(Http11Processor.java:268)
		at org.apache.coyote.AbstractProcessorLight.process(AbstractProcessorLight.java:63)
		at org.apache.coyote.AbstractProtocol$ConnectionHandler.process(AbstractProtocol.java:905)
		at org.apache.tomcat.util.net.NioEndpoint$SocketProcessor.doRun(NioEndpoint.java:1746)
		at org.apache.tomcat.util.net.SocketProcessorBase.run(SocketProcessorBase.java:52)
		at org.apache.tomcat.util.threads.ThreadPoolExecutor.runWorker(ThreadPoolExecutor.java:1148)
		at org.apache.tomcat.util.threads.ThreadPoolExecutor$Worker.run(ThreadPoolExecutor.java:636)
		at org.apache.tomcat.util.threads.TaskThread$WrappingRunnable.run(TaskThread.java:63)
		at java.base/java.lang.Thread.run(Thread.java:840)
