03-Mar-2026 16:38:48.147 INFOS [main] org.apache.catalina.startup.VersionLoggerListener.log Nom version serveur :              Apache Tomcat/11.0.1
03-Mar-2026 16:38:48.150 INFOS [main] org.apache.catalina.startup.VersionLoggerListener.log Serveur compilé :                  Nov 6 2024 19:08:24 UTC
03-Mar-2026 16:38:48.150 INFOS [main] org.apache.catalina.startup.VersionLoggerListener.log Version du serveur :               11.0.1.0
03-Mar-2026 16:38:48.150 INFOS [main] org.apache.catalina.startup.VersionLoggerListener.log Nom de l'OS :                      Linux
03-Mar-2026 16:38:48.150 INFOS [main] org.apache.catalina.startup.VersionLoggerListener.log Version OS :                       6.14.0-33-generic
03-Mar-2026 16:38:48.150 INFOS [main] org.apache.catalina.startup.VersionLoggerListener.log Architecture :                     amd64
03-Mar-2026 16:38:48.151 INFOS [main] org.apache.catalina.startup.VersionLoggerListener.log Java Home :                        /usr/lib/jvm/java-17-openjdk-amd64
03-Mar-2026 16:38:48.151 INFOS [main] org.apache.catalina.startup.VersionLoggerListener.log Version JVM :                      17.0.18+8-Ubuntu-124.04.1
03-Mar-2026 16:38:48.151 INFOS [main] org.apache.catalina.startup.VersionLoggerListener.log Fournisseur de la JVM :            Ubuntu
03-Mar-2026 16:38:48.151 INFOS [main] org.apache.catalina.startup.VersionLoggerListener.log CATALINA_BASE :                    /home/fek2775/Annee_2/AppWeb/TP3/apache-tomcat-11.0.1
03-Mar-2026 16:38:48.151 INFOS [main] org.apache.catalina.startup.VersionLoggerListener.log CATALINA_HOME :                    /home/fek2775/Annee_2/AppWeb/TP3/apache-tomcat-11.0.1
03-Mar-2026 16:38:48.158 INFOS [main] org.apache.catalina.startup.VersionLoggerListener.log Argument de la ligne de commande : -Djava.util.logging.config.file=/home/fek2775/Annee_2/AppWeb/TP3/apache-tomcat-11.0.1/conf/logging.properties
03-Mar-2026 16:38:48.158 INFOS [main] org.apache.catalina.startup.VersionLoggerListener.log Argument de la ligne de commande : -Djava.util.logging.manager=org.apache.juli.ClassLoaderLogManager
03-Mar-2026 16:38:48.158 INFOS [main] org.apache.catalina.startup.VersionLoggerListener.log Argument de la ligne de commande : -Djdk.tls.ephemeralDHKeySize=2048
03-Mar-2026 16:38:48.158 INFOS [main] org.apache.catalina.startup.VersionLoggerListener.log Argument de la ligne de commande : -Dorg.apache.catalina.security.SecurityListener.UMASK=0027
03-Mar-2026 16:38:48.159 INFOS [main] org.apache.catalina.startup.VersionLoggerListener.log Argument de la ligne de commande : --add-opens=java.base/java.lang=ALL-UNNAMED
03-Mar-2026 16:38:48.159 INFOS [main] org.apache.catalina.startup.VersionLoggerListener.log Argument de la ligne de commande : --add-opens=java.base/java.io=ALL-UNNAMED
03-Mar-2026 16:38:48.159 INFOS [main] org.apache.catalina.startup.VersionLoggerListener.log Argument de la ligne de commande : --add-opens=java.base/java.util=ALL-UNNAMED
03-Mar-2026 16:38:48.159 INFOS [main] org.apache.catalina.startup.VersionLoggerListener.log Argument de la ligne de commande : --add-opens=java.base/java.util.concurrent=ALL-UNNAMED
03-Mar-2026 16:38:48.159 INFOS [main] org.apache.catalina.startup.VersionLoggerListener.log Argument de la ligne de commande : --add-opens=java.rmi/sun.rmi.transport=ALL-UNNAMED
03-Mar-2026 16:38:48.159 INFOS [main] org.apache.catalina.startup.VersionLoggerListener.log Argument de la ligne de commande : --enable-native-access=ALL-UNNAMED
03-Mar-2026 16:38:48.159 INFOS [main] org.apache.catalina.startup.VersionLoggerListener.log Argument de la ligne de commande : -Dcatalina.base=/home/fek2775/Annee_2/AppWeb/TP3/apache-tomcat-11.0.1
03-Mar-2026 16:38:48.159 INFOS [main] org.apache.catalina.startup.VersionLoggerListener.log Argument de la ligne de commande : -Dcatalina.home=/home/fek2775/Annee_2/AppWeb/TP3/apache-tomcat-11.0.1
03-Mar-2026 16:38:48.159 INFOS [main] org.apache.catalina.startup.VersionLoggerListener.log Argument de la ligne de commande : -Djava.io.tmpdir=/home/fek2775/Annee_2/AppWeb/TP3/apache-tomcat-11.0.1/temp
03-Mar-2026 16:38:48.164 INFOS [main] org.apache.catalina.core.AprLifecycleListener.lifecycleEvent La librairie Apache Tomcat Native basée sur APR qui permet des performances optimales dans les environnements de production n'a pas été trouvée sur le java.library.path : [/usr/java/packages/lib:/usr/lib/x86_64-linux-gnu/jni:/lib/x86_64-linux-gnu:/usr/lib/x86_64-linux-gnu:/usr/lib/jni:/lib:/usr/lib]
03-Mar-2026 16:38:48.300 INFOS [main] org.apache.coyote.AbstractProtocol.init Initialisation du gestionnaire de protocole ["http-nio-8080"]
03-Mar-2026 16:38:48.323 INFOS [main] org.apache.catalina.startup.Catalina.load L'initialisation du serveur a pris [380] millisecondes
03-Mar-2026 16:38:48.368 INFOS [main] org.apache.catalina.core.StandardService.startInternal Démarrage du service [Catalina]
03-Mar-2026 16:38:48.368 INFOS [main] org.apache.catalina.core.StandardEngine.startInternal Démarrage du moteur de Servlets : [Apache Tomcat/11.0.1]
03-Mar-2026 16:38:48.423 INFOS [main] org.apache.catalina.startup.HostConfig.deployWAR Déploiement de l'archive [/home/fek2775/Annee_2/AppWeb/TP3/apache-tomcat-11.0.1/webapps/annuaire.war] de l'application web
03-Mar-2026 16:38:49.160 INFOS [main] org.apache.catalina.startup.HostConfig.deployWAR Le déploiement de l'archive de l'application web [/home/fek2775/Annee_2/AppWeb/TP3/apache-tomcat-11.0.1/webapps/annuaire.war] s'est terminé en [735] ms
03-Mar-2026 16:38:49.203 INFOS [main] org.apache.catalina.startup.HostConfig.deployWAR Déploiement de l'archive [/home/fek2775/Annee_2/AppWeb/TP3/apache-tomcat-11.0.1/webapps/hello.war] de l'application web
03-Mar-2026 16:38:49.641 INFOS [main] org.apache.catalina.startup.HostConfig.deployWAR Le déploiement de l'archive de l'application web [/home/fek2775/Annee_2/AppWeb/TP3/apache-tomcat-11.0.1/webapps/hello.war] s'est terminé en [437] ms
03-Mar-2026 16:38:49.651 INFOS [main] org.apache.catalina.startup.HostConfig.deployWAR Déploiement de l'archive [/home/fek2775/Annee_2/AppWeb/TP3/apache-tomcat-11.0.1/webapps/facade-0.0.1-SNAPSHOT.war] de l'application web
03-Mar-2026 16:38:49.658 INFOS [main] org.apache.catalina.startup.ExpandWar.expand Un répertoire décompressé [/home/fek2775/Annee_2/AppWeb/TP3/apache-tomcat-11.0.1/webapps/facade-0.0.1-SNAPSHOT] a été trouvé avec une date de dernière modification qui ne correspond pas au WAR associé, il sera effacé
03-Mar-2026 16:38:53.206 GRAVE [main] org.apache.catalina.startup.ContextConfig.beforeStart Exception durant la fixation du "docBase" pour le contexte [/facade-0.0.1-SNAPSHOT]
	java.io.EOFException
		at java.base/java.io.RandomAccessFile.readFully(RandomAccessFile.java:471)
		at java.base/java.util.zip.ZipFile$Source.readFullyAt(ZipFile.java:1516)
		at java.base/java.util.zip.ZipFile$ZipFileInputStream.initDataOffset(ZipFile.java:923)
		at java.base/java.util.zip.ZipFile$ZipFileInputStream.read(ZipFile.java:939)
		at java.base/java.util.zip.ZipFile$ZipFileInflaterInputStream.fill(ZipFile.java:456)
		at java.base/java.util.zip.InflaterInputStream.read(InflaterInputStream.java:158)
		at java.base/java.io.FilterInputStream.read(FilterInputStream.java:106)
		at org.apache.catalina.startup.ExpandWar.expand(ExpandWar.java:382)
		at org.apache.catalina.startup.ExpandWar.expand(ExpandWar.java:153)
		at org.apache.catalina.startup.ContextConfig.fixDocBase(ContextConfig.java:801)
		at org.apache.catalina.startup.ContextConfig.beforeStart(ContextConfig.java:937)
		at org.apache.catalina.startup.ContextConfig.lifecycleEvent(ContextConfig.java:292)
		at org.apache.catalina.util.LifecycleBase.fireLifecycleEvent(LifecycleBase.java:109)
		at org.apache.catalina.util.LifecycleBase.setStateInternal(LifecycleBase.java:389)
		at org.apache.catalina.util.LifecycleBase.start(LifecycleBase.java:163)
		at org.apache.catalina.core.ContainerBase.addChild(ContainerBase.java:566)
		at org.apache.catalina.core.StandardHost.addChild(StandardHost.java:653)
		at org.apache.catalina.startup.HostConfig.deployWAR(HostConfig.java:933)
		at org.apache.catalina.startup.HostConfig$DeployWar.run(HostConfig.java:1875)
		at java.base/java.util.concurrent.Executors$RunnableAdapter.call(Executors.java:539)
		at java.base/java.util.concurrent.FutureTask.run(FutureTask.java:264)
		at org.apache.tomcat.util.threads.InlineExecutorService.execute(InlineExecutorService.java:75)
		at java.base/java.util.concurrent.AbstractExecutorService.submit(AbstractExecutorService.java:123)
		at org.apache.catalina.startup.HostConfig.deployWARs(HostConfig.java:735)
		at org.apache.catalina.startup.HostConfig.deployApps(HostConfig.java:387)
		at org.apache.catalina.startup.HostConfig.start(HostConfig.java:1593)
		at org.apache.catalina.startup.HostConfig.lifecycleEvent(HostConfig.java:267)
		at org.apache.catalina.util.LifecycleBase.fireLifecycleEvent(LifecycleBase.java:109)
		at org.apache.catalina.util.LifecycleBase.setStateInternal(LifecycleBase.java:389)
		at org.apache.catalina.util.LifecycleBase.setState(LifecycleBase.java:336)
		at org.apache.catalina.core.ContainerBase.startInternal(ContainerBase.java:743)
		at org.apache.catalina.core.StandardHost.startInternal(StandardHost.java:771)
		at org.apache.catalina.util.LifecycleBase.start(LifecycleBase.java:164)
		at org.apache.catalina.core.ContainerBase$StartChild.call(ContainerBase.java:1170)
		at org.apache.catalina.core.ContainerBase$StartChild.call(ContainerBase.java:1160)
		at java.base/java.util.concurrent.FutureTask.run(FutureTask.java:264)
		at org.apache.tomcat.util.threads.InlineExecutorService.execute(InlineExecutorService.java:75)
		at java.base/java.util.concurrent.AbstractExecutorService.submit(AbstractExecutorService.java:145)
		at org.apache.catalina.core.ContainerBase.startInternal(ContainerBase.java:716)
		at org.apache.catalina.core.StandardEngine.startInternal(StandardEngine.java:203)
		at org.apache.catalina.util.LifecycleBase.start(LifecycleBase.java:164)
		at org.apache.catalina.core.StandardService.startInternal(StandardService.java:415)
		at org.apache.catalina.util.LifecycleBase.start(LifecycleBase.java:164)
		at org.apache.catalina.core.StandardServer.startInternal(StandardServer.java:866)
		at org.apache.catalina.util.LifecycleBase.start(LifecycleBase.java:164)
		at org.apache.catalina.startup.Catalina.start(Catalina.java:755)
		at java.base/jdk.internal.reflect.NativeMethodAccessorImpl.invoke0(Native Method)
		at java.base/jdk.internal.reflect.NativeMethodAccessorImpl.invoke(NativeMethodAccessorImpl.java:77)
		at java.base/jdk.internal.reflect.DelegatingMethodAccessorImpl.invoke(DelegatingMethodAccessorImpl.java:43)
		at java.base/java.lang.reflect.Method.invoke(Method.java:569)
		at org.apache.catalina.startup.Bootstrap.start(Bootstrap.java:342)
		at org.apache.catalina.startup.Bootstrap.main(Bootstrap.java:470)
03-Mar-2026 16:39:31.242 INFOS [main] org.apache.jasper.servlet.TldScanner.scanJars Au moins un fichier JAR a été analysé pour trouver des TLDs mais il n'en contenait pas, le mode "debug" du journal peut être activé pour obtenir une liste complète de JAR scannés sans succès ; éviter d'analyser des JARs inutilement peut améliorer sensiblement le temps de démarrage et le temps de compilation des JSPs
03-Mar-2026 16:43:32.515 INFOS [main] org.apache.catalina.startup.HostConfig.deployWAR Le déploiement de l'archive de l'application web [/home/fek2775/Annee_2/AppWeb/TP3/apache-tomcat-11.0.1/webapps/facade-0.0.1-SNAPSHOT.war] s'est terminé en [282 863] ms
03-Mar-2026 16:43:32.517 INFOS [main] org.apache.catalina.startup.HostConfig.deployDirectory Déploiement du répertoire d'application web [/home/fek2775/Annee_2/AppWeb/TP3/apache-tomcat-11.0.1/webapps/ROOT]
03-Mar-2026 16:43:32.580 INFOS [main] org.apache.catalina.startup.HostConfig.deployDirectory Le déploiement du répertoire [/home/fek2775/Annee_2/AppWeb/TP3/apache-tomcat-11.0.1/webapps/ROOT] de l'application web s'est terminé en [63] ms
03-Mar-2026 16:43:32.581 INFOS [main] org.apache.catalina.startup.HostConfig.deployDirectory Déploiement du répertoire d'application web [/home/fek2775/Annee_2/AppWeb/TP3/apache-tomcat-11.0.1/webapps/manager]
03-Mar-2026 16:43:32.639 INFOS [main] org.apache.catalina.startup.HostConfig.deployDirectory Le déploiement du répertoire [/home/fek2775/Annee_2/AppWeb/TP3/apache-tomcat-11.0.1/webapps/manager] de l'application web s'est terminé en [57] ms
03-Mar-2026 16:43:32.641 INFOS [main] org.apache.catalina.startup.HostConfig.deployDirectory Déploiement du répertoire d'application web [/home/fek2775/Annee_2/AppWeb/TP3/apache-tomcat-11.0.1/webapps/examples]
03-Mar-2026 16:43:33.293 INFOS [main] org.apache.catalina.startup.HostConfig.deployDirectory Le déploiement du répertoire [/home/fek2775/Annee_2/AppWeb/TP3/apache-tomcat-11.0.1/webapps/examples] de l'application web s'est terminé en [652] ms
03-Mar-2026 16:43:33.295 INFOS [main] org.apache.catalina.startup.HostConfig.deployDirectory Déploiement du répertoire d'application web [/home/fek2775/Annee_2/AppWeb/TP3/apache-tomcat-11.0.1/webapps/docs]
03-Mar-2026 16:43:33.348 INFOS [main] org.apache.catalina.startup.HostConfig.deployDirectory Le déploiement du répertoire [/home/fek2775/Annee_2/AppWeb/TP3/apache-tomcat-11.0.1/webapps/docs] de l'application web s'est terminé en [53] ms
03-Mar-2026 16:43:33.350 INFOS [main] org.apache.catalina.startup.HostConfig.deployDirectory Déploiement du répertoire d'application web [/home/fek2775/Annee_2/AppWeb/TP3/apache-tomcat-11.0.1/webapps/host-manager]
03-Mar-2026 16:43:33.423 INFOS [main] org.apache.catalina.startup.HostConfig.deployDirectory Le déploiement du répertoire [/home/fek2775/Annee_2/AppWeb/TP3/apache-tomcat-11.0.1/webapps/host-manager] de l'application web s'est terminé en [73] ms
03-Mar-2026 16:43:33.426 INFOS [main] org.apache.coyote.AbstractProtocol.start Démarrage du gestionnaire de protocole ["http-nio-8080"]
03-Mar-2026 16:43:33.441 INFOS [main] org.apache.catalina.startup.Catalina.start Le démarrage du serveur a pris [285118] millisecondes
03-Mar-2026 16:43:43.433 INFOS [Catalina-utility-1] org.apache.catalina.startup.HostConfig.undeploy Retrait de l'application web ayant pour chemin de contexte [/facade-0.0.1-SNAPSHOT]
03-Mar-2026 16:43:44.043 INFOS [Catalina-utility-1] org.apache.catalina.startup.HostConfig.deployWAR Déploiement de l'archive [/home/fek2775/Annee_2/AppWeb/TP3/apache-tomcat-11.0.1/webapps/facade-0.0.1-SNAPSHOT.war] de l'application web
03-Mar-2026 16:43:48.576 INFOS [Catalina-utility-1] org.apache.jasper.servlet.TldScanner.scanJars Au moins un fichier JAR a été analysé pour trouver des TLDs mais il n'en contenait pas, le mode "debug" du journal peut être activé pour obtenir une liste complète de JAR scannés sans succès ; éviter d'analyser des JARs inutilement peut améliorer sensiblement le temps de démarrage et le temps de compilation des JSPs
03-Mar-2026 16:43:52.824 INFOS [Catalina-utility-1] org.apache.catalina.startup.HostConfig.deployWAR Le déploiement de l'archive de l'application web [/home/fek2775/Annee_2/AppWeb/TP3/apache-tomcat-11.0.1/webapps/facade-0.0.1-SNAPSHOT.war] s'est terminé en [8 781] ms
03-Mar-2026 17:15:46.080 INFOS [main] org.apache.catalina.core.StandardServer.await Une commande d'arrêt valide a été reçue sur le port d'arrêt, arrêt de l'instance du serveur
03-Mar-2026 17:15:46.082 INFOS [main] org.apache.coyote.AbstractProtocol.pause Le gestionnaire de protocole ["http-nio-8080"] est mis en pause
03-Mar-2026 17:15:46.085 INFOS [main] org.apache.catalina.core.StandardService.stopInternal Arrêt du service [Catalina]
03-Mar-2026 17:15:46.207 INFOS [main] org.apache.coyote.AbstractProtocol.stop Arrêt du gestionnaire de protocole ["http-nio-8080"]
03-Mar-2026 17:15:46.218 INFOS [main] org.apache.coyote.AbstractProtocol.destroy Destruction du gestionnaire de protocole ["http-nio-8080"]
